Input([amb([amb([Water("#include"),Water("<stdio.h>"),Island(VarDecl(None,appl(prod([],cf(sort("Type")),no-attrs),[]),"main")),Water("(void)"),Water("{"),Island(VarDecl(Some(appl(prod([],cf(sort("TypeModifier")),no-attrs),[])),appl(prod([],cf(sort("Type")),no-attrs),[]),"x"))],[Water("#include"),Water("<stdio.h>"),Island(VarDecl(None,appl(prod([],cf(sort("Type")),no-attrs),[]),"main")),Water("(void)"),Water("{"),Water("const"),Island(VarDecl(None,appl(prod([],cf(sort("Type")),no-attrs),[]),"x"))]),Water("="),Water("0;")],[Water("#include"),Water("<stdio.h>"),Island(VarDecl(None,appl(prod([],cf(sort("Type")),no-attrs),[]),"main")),Water("(void)"),Water("{"),Water("const"),Water("int"),Island(Assignment("x","0")),Water(";")]),Water("return"),Water("x;"),Water("}")])